Name: test
Definition (definition.namespace):
namespace test;

Name: foo
Parameters: ()
Definition (definition.function):
function foo()
{
}
Lineage: [test]
Lineage types: [namespace]

Name: FooInterface
Doc:
// FooInterface.
Definition (definition.interface):
interface FooInterface
{
    public function encode(...$numbers);
}
Lineage: [test]
Lineage types: [namespace]

Name: encode
Parameters: (...$numbers)
Declaration (definition.method):
public function encode(...$numbers);
Lineage: [test FooInterface]
Lineage types: [namespace interface]

Name: FooClass
Doc:
// FooClass.
Definition (definition.class):
class FooClass implements FooInterface
{
    /**
     * @param mixed $numbers
     * @return string
     */
    public function encode(...$numbers)
    {
    }
}
Lineage: [test]
Lineage types: [namespace]

Name: encode
Parameters: (...$numbers)
Doc:
/**
     * @param mixed $numbers
     * @return string
     */
Definition (definition.method):
public function encode(...$numbers)
    {
    }
Lineage: [test FooClass]
Lineage types: [namespace class]
